

================================================================
== Vitis HLS Report for 'blur_opt_pipeline_unroll'
================================================================
* Date:           Fri Apr 24 19:30:54 2026

* Version:        2025.2 (Build 6295257 on Nov 14 2025)
* Project:        blur_opt_pipeline_unroll_proj
* Solution:       solution1 (Vivado IP Flow Target)
* Product family: zynq
* Target device:  xc7z020-clg400-1


================================================================
== Performance Estimates
================================================================
+ Timing: 
    * Summary: 
    +--------+----------+----------+------------+
    |  Clock |  Target  | Estimated| Uncertainty|
    +--------+----------+----------+------------+
    |ap_clk  |  10.00 ns|  7.182 ns|     2.70 ns|
    +--------+----------+----------+------------+

+ Latency: 
    * Summary: 
    +---------+---------+----------+----------+-----+-----+---------+
    |  Latency (cycles) |  Latency (absolute) |  Interval | Pipeline|
    |   min   |   max   |    min   |    max   | min | max |   Type  |
    +---------+---------+----------+----------+-----+-----+---------+
    |        ?|        ?|         ?|         ?|    ?|    ?|       no|
    +---------+---------+----------+----------+-----+-----+---------+

    + Detail: 
        * Instance: 
        +-------------------------------------------+---------------------------------+---------+---------+----------+----------+-----+-----+---------+
        |                                           |                                 |  Latency (cycles) |  Latency (absolute) |  Interval | Pipeline|
        |                  Instance                 |              Module             |   min   |   max   |    min   |    max   | min | max |   Type  |
        +-------------------------------------------+---------------------------------+---------+---------+----------+----------+-----+-----+---------+
        |grp_linebuffer_box3_pipeline_unroll_fu_42  |linebuffer_box3_pipeline_unroll  |        ?|        ?|         ?|         ?|    ?|    ?|       no|
        +-------------------------------------------+---------------------------------+---------+---------+----------+----------+-----+-----+---------+

        * Loop: 
        N/A



================================================================
== Utilization Estimates
================================================================
* Summary: 
+-----------------+---------+-----+--------+-------+-----+
|       Name      | BRAM_18K| DSP |   FF   |  LUT  | URAM|
+-----------------+---------+-----+--------+-------+-----+
|DSP              |        -|    -|       -|      -|    -|
|Expression       |        -|    -|       -|      -|    -|
|FIFO             |        -|    -|       -|      -|    -|
|Instance         |        2|    5|    1613|   2326|    0|
|Memory           |        -|    -|       -|      -|    -|
|Multiplexer      |        -|    -|       0|     14|    -|
|Register         |        -|    -|      67|      -|    -|
+-----------------+---------+-----+--------+-------+-----+
|Total            |        2|    5|    1680|   2340|    0|
+-----------------+---------+-----+--------+-------+-----+
|Available        |      280|  220|  106400|  53200|    0|
+-----------------+---------+-----+--------+-------+-----+
|Utilization (%)  |       ~0|    2|       1|      4|    0|
+-----------------+---------+-----+--------+-------+-----+

+ Detail: 
    * Instance: 
    +-------------------------------------------+---------------------------------+---------+----+------+------+-----+
    |                  Instance                 |              Module             | BRAM_18K| DSP|  FF  |  LUT | URAM|
    +-------------------------------------------+---------------------------------+---------+----+------+------+-----+
    |grp_linebuffer_box3_pipeline_unroll_fu_42  |linebuffer_box3_pipeline_unroll  |        2|   5|  1613|  2326|    0|
    +-------------------------------------------+---------------------------------+---------+----+------+------+-----+
    |Total                                      |                                 |        2|   5|  1613|  2326|    0|
    +-------------------------------------------+---------------------------------+---------+----+------+------+-----+

    * DSP: 
    N/A

    * Memory: 
    N/A

    * FIFO: 
    N/A

    * Expression: 
    N/A

    * Multiplexer: 
    +-----------+----+-----------+-----+-----------+
    |    Name   | LUT| Input Size| Bits| Total Bits|
    +-----------+----+-----------+-----+-----------+
    |ap_NS_fsm  |  14|          3|    1|          3|
    +-----------+----+-----------+-----+-----------+
    |Total      |  14|          3|    1|          3|
    +-----------+----+-----------+-----+-----------+

    * Register: 
    +--------------------------------------------------------+----+----+-----+-----------+
    |                          Name                          | FF | LUT| Bits| Const Bits|
    +--------------------------------------------------------+----+----+-----+-----------+
    |ap_CS_fsm                                               |   2|   0|    2|          0|
    |grp_linebuffer_box3_pipeline_unroll_fu_42_ap_start_reg  |   1|   0|    1|          0|
    |height_read_reg_54                                      |  32|   0|   32|          0|
    |width_read_reg_59                                       |  32|   0|   32|          0|
    +--------------------------------------------------------+----+----+-----+-----------+
    |Total                                                   |  67|   0|   67|          0|
    +--------------------------------------------------------+----+----+-----+-----------+



================================================================
== Interface
================================================================
* Summary: 
+-------------------+-----+-----+------------+--------------------------+--------------+
|     RTL Ports     | Dir | Bits|  Protocol  |       Source Object      |    C Type    |
+-------------------+-----+-----+------------+--------------------------+--------------+
|ap_clk             |   in|    1|  ap_ctrl_hs|  blur_opt_pipeline_unroll|  return value|
|ap_rst             |   in|    1|  ap_ctrl_hs|  blur_opt_pipeline_unroll|  return value|
|ap_start           |   in|    1|  ap_ctrl_hs|  blur_opt_pipeline_unroll|  return value|
|ap_done            |  out|    1|  ap_ctrl_hs|  blur_opt_pipeline_unroll|  return value|
|ap_idle            |  out|    1|  ap_ctrl_hs|  blur_opt_pipeline_unroll|  return value|
|ap_ready           |  out|    1|  ap_ctrl_hs|  blur_opt_pipeline_unroll|  return value|
|input_r_address0   |  out|   20|   ap_memory|                   input_r|         array|
|input_r_ce0        |  out|    1|   ap_memory|                   input_r|         array|
|input_r_q0         |   in|    8|   ap_memory|                   input_r|         array|
|output_r_address0  |  out|   20|   ap_memory|                  output_r|         array|
|output_r_ce0       |  out|    1|   ap_memory|                  output_r|         array|
|output_r_we0       |  out|    1|   ap_memory|                  output_r|         array|
|output_r_d0        |  out|    8|   ap_memory|                  output_r|         array|
|width              |   in|   32|     ap_none|                     width|        scalar|
|height             |   in|   32|     ap_none|                    height|        scalar|
+-------------------+-----+-----+------------+--------------------------+--------------+

