

================================================================
== Vitis HLS Report for 'copy_stage_1'
================================================================
* Date:           Fri Apr 24 19:31:43 2026

* Version:        2025.2 (Build 6295257 on Nov 14 2025)
* Project:        blur_opt_dataflow_proj
* Solution:       solution1 (Vivado IP Flow Target)
* Product family: zynq
* Target device:  xc7z020-clg400-1


================================================================
== Performance Estimates
================================================================
+ Timing: 
    * Summary: 
    +--------+----------+----------+------------+
    |  Clock |  Target  | Estimated| Uncertainty|
    +--------+----------+----------+------------+
    |ap_clk  |  10.00 ns|  7.396 ns|     2.70 ns|
    +--------+----------+----------+------------+

+ Latency: 
    * Summary: 
    +---------+---------+----------+----------+-----+-----+---------+
    |  Latency (cycles) |  Latency (absolute) |  Interval | Pipeline|
    |   min   |   max   |    min   |    max   | min | max |   Type  |
    +---------+---------+----------+----------+-----+-----+---------+
    |        ?|        ?|         ?|         ?|    ?|    ?|       no|
    +---------+---------+----------+----------+-----+-----+---------+

    + Detail: 
        * Instance: 
        +-------------------------------------------------------------------+---------------------------------------------------------+---------+---------+----------+----------+-----+-----+-------------------+
        |                                                                   |                                                         |  Latency (cycles) |  Latency (absolute) |  Interval |      Pipeline     |
        |                              Instance                             |                          Module                         |   min   |   max   |    min   |    max   | min | max |        Type       |
        +-------------------------------------------------------------------+---------------------------------------------------------+---------+---------+----------+----------+-----+-----+-------------------+
        |grp_copy_stage_1_Pipeline_VITIS_LOOP_221_1_VITIS_LOOP_222_2_fu_36  |copy_stage_1_Pipeline_VITIS_LOOP_221_1_VITIS_LOOP_222_2  |        ?|        ?|         ?|         ?|    0|    0|  loop pipeline stp|
        +-------------------------------------------------------------------+---------------------------------------------------------+---------+---------+----------+----------+-----+-----+-------------------+

        * Loop: 
        N/A



================================================================
== Utilization Estimates
================================================================
* Summary: 
+-----------------+---------+-----+--------+-------+-----+
|       Name      | BRAM_18K| DSP |   FF   |  LUT  | URAM|
+-----------------+---------+-----+--------+-------+-----+
|DSP              |        -|    -|       -|      -|    -|
|Expression       |        -|    -|       0|    142|    -|
|FIFO             |        -|    -|       -|      -|    -|
|Instance         |        -|    4|     344|    455|    -|
|Memory           |        -|    -|       -|      -|    -|
|Multiplexer      |        -|    -|       0|     34|    -|
|Register         |        -|    -|     162|      -|    -|
+-----------------+---------+-----+--------+-------+-----+
|Total            |        0|    4|     506|    631|    0|
+-----------------+---------+-----+--------+-------+-----+
|Available        |      280|  220|  106400|  53200|    0|
+-----------------+---------+-----+--------+-------+-----+
|Utilization (%)  |        0|    1|      ~0|      1|    0|
+-----------------+---------+-----+--------+-------+-----+

+ Detail: 
    * Instance: 
    +-------------------------------------------------------------------+---------------------------------------------------------+---------+----+-----+-----+-----+
    |                              Instance                             |                          Module                         | BRAM_18K| DSP|  FF | LUT | URAM|
    +-------------------------------------------------------------------+---------------------------------------------------------+---------+----+-----+-----+-----+
    |grp_copy_stage_1_Pipeline_VITIS_LOOP_221_1_VITIS_LOOP_222_2_fu_36  |copy_stage_1_Pipeline_VITIS_LOOP_221_1_VITIS_LOOP_222_2  |        0|   0|  203|  407|    0|
    |mul_31ns_31ns_62_2_1_U39                                           |mul_31ns_31ns_62_2_1                                     |        0|   4|  141|   48|    0|
    +-------------------------------------------------------------------+---------------------------------------------------------+---------+----+-----+-----+-----+
    |Total                                                              |                                                         |        0|   4|  344|  455|    0|
    +-------------------------------------------------------------------+---------------------------------------------------------+---------+----+-----+-----+-----+

    * DSP: 
    N/A

    * Memory: 
    N/A

    * FIFO: 
    N/A

    * Expression: 
    +-------------------+----------+----+---+----+------------+------------+
    |   Variable Name   | Operation| DSP| FF| LUT| Bitwidth P0| Bitwidth P1|
    +-------------------+----------+----+---+----+------------+------------+
    |empty_23_fu_59_p2  |      icmp|   0|  0|  39|          32|           1|
    |empty_24_fu_73_p2  |      icmp|   0|  0|  39|          32|           1|
    |ap_block_state1    |        or|   0|  0|   2|           1|           1|
    |smax1_fu_79_p3     |    select|   0|  0|  31|           1|          31|
    |smax_fu_65_p3      |    select|   0|  0|  31|           1|          31|
    +-------------------+----------+----+---+----+------------+------------+
    |Total              |          |   0|  0| 142|          67|          65|
    +-------------------+----------+----+---+----+------------+------------+

    * Multiplexer: 
    +-----------+----+-----------+-----+-----------+
    |    Name   | LUT| Input Size| Bits| Total Bits|
    +-----------+----+-----------+-----+-----------+
    |ap_NS_fsm  |  25|          5|    1|          5|
    |ap_done    |   9|          2|    1|          2|
    +-----------+----+-----------+-----+-----------+
    |Total      |  34|          7|    2|          7|
    +-----------+----+-----------+-----+-----------+

    * Register: 
    +--------------------------------------------------------------------------------+----+----+-----+-----------+
    |                                      Name                                      | FF | LUT| Bits| Const Bits|
    +--------------------------------------------------------------------------------+----+----+-----+-----------+
    |ap_CS_fsm                                                                       |   4|   0|    4|          0|
    |ap_done_reg                                                                     |   1|   0|    1|          0|
    |bound_reg_120                                                                   |  62|   0|   62|          0|
    |grp_copy_stage_1_Pipeline_VITIS_LOOP_221_1_VITIS_LOOP_222_2_fu_36_ap_start_reg  |   1|   0|    1|          0|
    |p_read_3_reg_95                                                                 |  32|   0|   32|          0|
    |smax1_reg_105                                                                   |  31|   0|   31|          0|
    |smax_reg_100                                                                    |  31|   0|   31|          0|
    +--------------------------------------------------------------------------------+----+----+-----+-----------+
    |Total                                                                           | 162|   0|  162|          0|
    +--------------------------------------------------------------------------------+----+----+-----+-----------+



================================================================
== Interface
================================================================
* Summary: 
+-------------------+-----+-----+------------+--------------+--------------+
|     RTL Ports     | Dir | Bits|  Protocol  | Source Object|    C Type    |
+-------------------+-----+-----+------------+--------------+--------------+
|ap_clk             |   in|    1|  ap_ctrl_hs|  copy_stage.1|  return value|
|ap_rst             |   in|    1|  ap_ctrl_hs|  copy_stage.1|  return value|
|ap_start           |   in|    1|  ap_ctrl_hs|  copy_stage.1|  return value|
|ap_done            |  out|    1|  ap_ctrl_hs|  copy_stage.1|  return value|
|ap_continue        |   in|    1|  ap_ctrl_hs|  copy_stage.1|  return value|
|ap_idle            |  out|    1|  ap_ctrl_hs|  copy_stage.1|  return value|
|ap_ready           |  out|    1|  ap_ctrl_hs|  copy_stage.1|  return value|
|output_r_address0  |  out|   20|   ap_memory|      output_r|         array|
|output_r_ce0       |  out|    1|   ap_memory|      output_r|         array|
|output_r_we0       |  out|    1|   ap_memory|      output_r|         array|
|output_r_d0        |  out|    8|   ap_memory|      output_r|         array|
|p_read             |   in|   32|     ap_none|        p_read|        scalar|
|p_read1            |   in|   32|     ap_none|       p_read1|        scalar|
|stage1_address0    |  out|   20|   ap_memory|        stage1|         array|
|stage1_ce0         |  out|    1|   ap_memory|        stage1|         array|
|stage1_q0          |   in|    8|   ap_memory|        stage1|         array|
+-------------------+-----+-----+------------+--------------+--------------+

